(!) Your Vite config uses features that are unsupported by `configLoader: 'native'`, which is planned to become the default in a future major version of Vite:
  - ESM syntax in a file loaded as CommonJS (vitest.config.ts:1:1). Use a `.mjs` extension or set `"type": "module"` in the closest package.json
Set `VITE_CONFIG_NATIVE_IGNORE_WARNING=true` to suppress this warning.

 RUN  v4.1.11 /home/ialpha/projetos/alpha-comex/painel-alpha

 ❯ tests/bpm/lost-ui.test.ts (6 tests | 1 failed) 9ms
     × mantém Lost fora da criação e liga requisitos e edição ao contrato compartilhado 6ms

⎯⎯⎯⎯⎯⎯⎯ Failed Tests 1 ⎯⎯⎯⎯⎯⎯⎯

 FAIL  tests/bpm/lost-ui.test.ts > CRM Lost - apresentação condicional do motivo Outro > mantém Lost fora da criação e liga requisitos e edição ao contrato compartilhado
AssertionError: expected '"use client";\nimport { criarRastread…' to contain 'if (!podeEditar || !camposAtuaisAlter…'

- Expected
+ Received

- if (!podeEditar || !camposAtuaisAlterados || conflitoCamposAtuais) return
+ "use client";
+ import { criarRastreadorRascunho } from "@/lib/bpm/rascunho-versionado";
+ import { validarValoresCamposBpm } from "@/lib/bpm/campos-dinamicos";
+ import { useEffect, useRef, useState } from "react";
+ import { AlertTriangle, ClipboardPaste, Loader2, SlidersHorizontal } from "lucide-react";
+ import { toast } from "sonner";
+ import { AtualizarCardBpm, ObterCardBpm } from "@/actions/bpm/Cards";
+ import { CampoBpmInput } from "@/app/PainelAlpha/AlphaCRM/CampoBpmInput";
+ import { MOTIVO_LOST_OUTRO_OBRIGATORIO_MENSAGEM } from "@/lib/bpm/lost";
+ import {
+   montarPayloadCamposDestino,
+   prepararCamposMotivoLostUiCanonico,
+   resolverSnapshotCamposRealtime,
+   type SnapshotCamposRealtime,
+ } from "@/lib/bpm/card-modal-ui";
+ import { TEMPLATE_RESUMO_ALINHAMENTO } from "@/lib/bpm/alinhamento-estrategico";
+ import { BPM_FIELD_KEYS, BPM_STAGE_KEYS } from "@/lib/bpm/ontology";
+ import { useCardSave } from "@/app/PainelAlpha/AlphaCRM/CardModal/CardSaveContext";
+ type CardDetalhe = NonNullable<Awaited<ReturnType<typeof ObterCardBpm>>["data"]>;
+ type CamposEtapaCard = CardDetalhe["camposEtapa"];
+ interface Props {
+   card: CardDetalhe;
+   campoIds: string[];
+   campoLabels?: Record<string, string>;
+   instanceKey: string;
+   titulo?: string;
+   accent: string;
+   podeEditar: boolean;
+   realtimeRevision: number;
+   onAtualizado: () => void;
+ }
+ /** Editor dos campos da etapa atual. Deve viver exclusivamente na aba central
+  * "Formulário da Etapa", jamais no modal de criação ou no painel direito. */
+ export function PainelCamposEtapaAtual({
+   card,
+   campoIds,
+   campoLabels = {},
+   instanceKey,
+   titulo = "Campos da etapa atual",
+   accent,
+   podeEditar,
+   realtimeRevision,
+   onAtualizado,
+ }: Props) {
+   const idInstancia = `${card.id}-${instanceKey}`;
+   const ordemCampos = new Map(campoIds.map((id, indice) => [id, indice]));
+   const camposDoComponente = card.camposEtapa
+     .filter((campo) => ordemCampos.has(campo.id))
+     .sort((a, b) => (ordemCampos.get(a.id) ?? 0) - (ordemCampos.get(b.id) ?? 0));
+   const [revisaoInicial] = useState(realtimeRevision);
+   const [valoresCamposAtuais, setValoresCamposAtuais] = useState<Record<string, string>>(() =>
+     Object.fromEntries(camposDoComponente.map((campo) => [campo.id, campo.valor ?? ""])),
+   );
+   const [, setBaseCamposAtuais] = useState<Record<string, string>>(() =>
+     Object.fromEntries(camposDoComponente.map((campo) => [campo.id, campo.valor ?? ""])),
+   );
+   const [camposEtapaBase, setCamposEtapaBase] = useState(camposDoComponente);
+   const [versaoBaseCampos, setVersaoBaseCampos] = useState(() => new Date(card.updatedAt).toISOString());
+   const versaoBaseCamposRef = useRef(versaoBaseCampos);
+   const snapshotAtivoRef = useRef<SnapshotCamposRealtime>({
+     valores: Object.fromEntries(camposDoComponente.map((campo) => [campo.id, campo.valor ?? ""])),
+     versao: new Date(card.updatedAt).toISOString(),
+   });
+   const [snapshotRemotoPendente, setSnapshotRemotoPendente] = useState<SnapshotCamposRealtime | null>(null);
+   const [camposRemotosPendentes, setCamposRemotosPendentes] = useState<CamposEtapaCard | null>(null);
+   const [conflitoCamposAtuais, setConflitoCamposAtuais] = useState(false);
+   const camposAtuaisSujosRef = useRef(false);
+   const [savesCamposPendentes, setSavesCamposPendentes] = useState(0);
+   const { registerSave, setPendingFields } = useCardSave();
+   const valoresRef = useRef(valoresCamposAtuais);
+   const rastreadores = useRef(new Map<string, ReturnType<typeof criarRastreadorRascunho>>());
+   function atualizarPendencias() {
+     const pendentes = camposEtapaBase.filter((campo) =>
+       (valoresRef.current[campo.id] ?? "") !== (snapshotAtivoRef.current.valores[campo.id] ?? ""));
+     camposAtuaisSujosRef.current = pendentes.length > 0;
+     setPendingFields(idInstancia, pendentes.map((campo) => campoLabels[campo.id] ?? campo.nome));
+   }
+   function alterarCampo(id: string, valor: string) {
+     let rastreador = rastreadores.current.get(id);
+     if (!rastreador) {
+       rastreador = criarRastreadorRascunho(valoresRef.current[id] ?? "");
+       rastreadores.current.set(id, rastreador);
+     }
+     rastreador.alterar(valor);
+     valoresRef.current = { ...valoresRef.current, [id]: valor };
+     atualizarPendencias();
+     setValoresCamposAtuais(valoresRef.current);
+   }
+   const configuracaoLostUi = prepararCamposMotivoLostUiCanonico(
+     card.etapa.chave,
+     camposEtapaBase,
+     valoresCamposAtuais,
+   );
+   const camposAtuaisVisiveis = configuracaoLostUi.camposVisiveis;
+   const complementoLostPendente = Boolean(
+     configuracaoLostUi.exigeComplemento
+     && configuracaoLostUi.campoComplementoId
+     && !valoresCamposAtuais[configuracaoLostUi.campoComplementoId]?.trim(),
+   );
+   const resumoAlinhamento = camposEtapaBase.find((campo) => campo.chave === BPM_FIELD_KEYS.MEETING_SUMMARY);
+   const alertaAlinhamento = card.etapa.chave === BPM_STAGE_KEYS.ALINHAMENTO_ESTRATEGICO
+     && Boolean(resumoAlinhamento)
+     && !(valoresCamposAtuais[resumoAlinhamento?.id ?? ""] ?? "").trim();
+   const snapshotCamposEtapa = JSON.stringify(camposDoComponente);
+   const versaoRemotaCampos = new Date(card.updatedAt).toISOString();
+   useEffect(() => {
+     const camposRemotos = JSON.parse(snapshotCamposEtapa) as CamposEtapaCard;
+     const novosValores = Object.fromEntries(camposRemotos.map((campo) => [campo.id, campo.valor ?? ""]));
+     const snapshotRemoto = { valores: novosValores, versao: versaoRemotaCampos };
+     const timer = setTimeout(() => {
+       // A própria confirmação pode chegar pelo realtime após uma nova edição.
+       // A mesma versão já confirmada não representa conflito externo.
+       if (camposAtuaisSujosRef.current && snapshotRemoto.versao === snapshotAtivoRef.current.versao) return;
+       const resolucao = resolverSnapshotCamposRealtime({
+         rascunhoSujo: camposAtuaisSujosRef.current,
+         snapshotAtual: snapshotAtivoRef.current,
+         snapshotRemoto,
+       });
+       if (!resolucao.aplicarRemoto) {
+         setSnapshotRemotoPendente(resolucao.snapshotPendente);
+         setCamposRemotosPendentes(camposRemotos);
+         setConflitoCamposAtuais(true);
+         return;
+       }
+       snapshotAtivoRef.current = resolucao.snapshotAtivo;
+       valoresRef.current = resolucao.snapshotAtivo.valores;
+       setValoresCamposAtuais(resolucao.snapshotAtivo.valores);
+       setBaseCamposAtuais(resolucao.snapshotAtivo.valores);
+       setVersaoBaseCampos(resolucao.snapshotAtivo.versao);
+       versaoBaseCamposRef.current = resolucao.snapshotAtivo.versao;
+       setCamposEtapaBase(camposRemotos);
+       setSnapshotRemotoPendente(null);
+       setCamposRemotosPendentes(null);
+       setConflitoCamposAtuais(false);
+     }, 0);
+     return () => clearTimeout(timer);
+   }, [snapshotCamposEtapa, versaoRemotaCampos, realtimeRevision]);
+   function usarDadosAtualizadosCampos() {
+     if (!snapshotRemotoPendente || !camposRemotosPendentes) return;
+     valoresRef.current = snapshotRemotoPendente.valores;
+     rastreadores.current.clear();
+     setPendingFields(idInstancia, []);
+     setValoresCamposAtuais(snapshotRemotoPendente.valores);
+     setBaseCamposAtuais(snapshotRemotoPendente.valores);
+     setVersaoBaseCampos(snapshotRemotoPendente.versao);
+     versaoBaseCamposRef.current = snapshotRemotoPendente.versao;
+     snapshotAtivoRef.current = snapshotRemotoPendente;
+     setCamposEtapaBase(camposRemotosPendentes);
+     setSnapshotRemotoPendente(null);
+     setCamposRemotosPendentes(null);
+     camposAtuaisSujosRef.current = false;
+     setConflitoCamposAtuais(false);
+   }
+   async function salvarCamposAtuais() {
+     if (!podeEditar || conflitoCamposAtuais) return;
+     const valoresAtuais = valoresRef.current;
+     const configuracaoAtual = prepararCamposMotivoLostUiCanonico(card.etapa.chave, camposEtapaBase, valoresAtuais);
+     if (configuracaoAtual.exigeComplemento && configuracaoAtual.campoComplementoId
+       && !valoresAtuais[configuracaoAtual.campoComplementoId]?.trim()) {
+       toast.error(MOTIVO_LOST_OUTRO_OBRIGATORIO_MENSAGEM);
+       return;
+     }
+     // Cada campo válido pode salvar sem descartar rascunhos inválidos de outros campos.
+     const camposValores: Record<string, string> = {};
+     const camposAlterados = configuracaoAtual.camposVisiveis.filter((campo) => {
+       if (campo.somenteLeitura || campo.editavel === false) return false;
+       const validacao = validarValoresCamposBpm([campo], montarPayloadCamposDestino([campo], valoresAtuais));
+       if (!validacao.success) { toast.error(validacao.error); return false; }
+       Object.assign(camposValores, validacao.valores);
+       return true;
+     });
+     if (!camposAlterados.length) return;
+     const revisoes = new Map(camposAlterados.map((campo) => [campo.id, rastreadores.current.get(campo.id)?.capturar()]));
+     setSavesCamposPendentes((total) => total + 1);
+     const promise = registerSave(async () => {
+       // Compare após os saves anteriores: uma reversão pode coincidir com a base
+       // antiga no blur, mas precisar de persistência quando chegar sua vez.
+       for (const id of Object.keys(camposValores)) {
+         if ((valoresAtuais[id] ?? "") === (snapshotAtivoRef.current.valores[id] ?? "")) {
+           delete camposValores[id];
+         }
+       }
+       if (!Object.keys(camposValores).length) return true;
+       const resultado = await AtualizarCardBpm({
+         cardId: card.id,
+         camposValores,
+         versaoEsperadaEm: versaoBaseCamposRef.current,
+       });
+       if (!resultado.success) {
+         toast.error(typeof resultado.error === "string" ? resultado.error : "Não foi possível salvar os campos da etapa");
+         return false;
+       }
+       const cardAtualizado = await ObterCardBpm(card.id);
+       if (!cardAtualizado.success || !cardAtualizado.data) {
+         toast.error("Os campos foram salvos, mas não foi possível confirmar a versão atual do card.");
+         return false;
+       }
+       const novaVersao = new Date(cardAtualizado.data.updatedAt).toISOString();
+       toast.success("Campos da etapa atualizados");
+       const confirmados = Object.fromEntries(cardAtualizado.data.camposEtapa
+         .filter((campo) => Object.hasOwn(camposValores, campo.id))
+         .map((campo) => [campo.id, campo.valor ?? ""]));
+       for (const [id, valor] of Object.entries(confirmados)) {
+         const revisao = revisoes.get(id);
+         if (revisao && rastreadores.current.get(id)?.corresponde(revisao)) {
+           valoresRef.current = { ...valoresRef.current, [id]: valor };
+           rastreadores.current.get(id)?.sincronizar(valor);
+         }
+       }
+       setValoresCamposAtuais(valoresRef.current);
+       setBaseCamposAtuais((atual) => ({ ...atual, ...confirmados }));
+       snapshotAtivoRef.current = {
+         valores: { ...snapshotAtivoRef.current.valores, ...confirmados },
+         versao: novaVersao,
+       };
+       versaoBaseCamposRef.current = novaVersao;
+       setVersaoBaseCampos(novaVersao);
+       atualizarPendencias();
+       setConflitoCamposAtuais(false);
+       onAtualizado();
+       return true;
+     }).then((salvo) => {
+       if (!salvo) toast.error("Há alterações não confirmadas. Revise os campos antes de sair.");
+       return salvo;
+     }).finally(() => {
+       setSavesCamposPendentes((total) => total - 1);
+     });
+     await promise;
+   }
+   const inputCls = "w-full bg-white/[0.03] border border-white/10 rounded-xl px-3 py-2 text-sm text-white placeholder:text-slate-600 outline-none focus:border-white/25 transition-colors";
+   return (
+     <section
+       id={`campos-etapa-atual-${idInstancia}`}
+       tabIndex={-1}
+       className="space-y-3 rounded-2xl border border-white/[0.06] bg-white/[0.02] p-4 outline-none focus-visible:ring-2 focus-visible:ring-white/30"
+       aria-labelledby={`campos-etapa-atual-titulo-${idInstancia}`}
+     >
+       {realtimeRevision !== revisaoInicial && (
+         <div className="rounded-xl border border-sky-500/25 bg-sky-500/[0.07] p-3 text-xs text-sky-200">
+           Este card recebeu uma atualização em tempo real. Os valores que você está editando foram preservados; revise-os antes de salvar.
+         </div>
+       )}
+       <div className="flex items-start gap-2.5">
+         <div className="flex h-7 w-7 shrink-0 items-center justify-center rounded-lg" style={{ background: `rgba(${accent},0.15)` }}>
+           <SlidersHorizontal size={13} style={{ color: `rgb(${accent})` }} />
+         </div>
+         <div>
+           <h3 id={`campos-etapa-atual-titulo-${idInstancia}`} className="text-xs font-bold uppercase tracking-wide text-white">{titulo}</h3>
+           <p className="mt-0.5 text-[11px] text-slate-500">{card.etapa.nome} · campos obrigatórios e opcionais.</p>
+         </div>
+       </div>
+       {alertaAlinhamento && (
+         <div role="alert" className="flex items-start gap-2 rounded-xl border border-red-500/35 bg-red-500/10 p-3 text-xs text-red-100">
+           <AlertTriangle size={15} className="mt-0.5 shrink-0 text-red-300" aria-hidden="true" />
+           <p><strong>Chamada de alinhamento pendente.</strong> Cole o resumo da reunião para liberar o avanço da etapa.</p>
+         </div>
+       )}
+       {camposAtuaisVisiveis.length === 0 ? (
+         <p className="text-xs text-slate-500">Esta etapa não possui campos configurados.</p>
+       ) : (
+         <div className="space-y-3 border-t border-white/5 pt-3">
+           {conflitoCamposAtuais && (
+             <div className="rounded-xl border border-sky-500/25 bg-sky-500/[0.07] p-3 text-xs text-sky-200" role="alert">
+               <p>Os campos receberam uma atualização externa. Seu rascunho e a versão-base foram preservados; aceite os dados atualizados antes de continuar.</p>
+               <button type="button" onClick={usarDadosAtualizadosCampos} className="mt-2 rounded-lg border border-sky-300/30 px-2 py-1 font-semibold hover:bg-sky-200/10">
+                 Usar dados atualizados
+               </button>
+             </div>
+           )}
+           <fieldset className="space-y-3 rounded-xl border border-white/[0.06] p-3">
+               {camposAtuaisVisiveis.map((campo) => {
+             const complementoPendente = campo.id === configuracaoLostUi.campoComplementoId && complementoLostPendente;
+             const somenteLeitura = campo.somenteLeitura === true || campo.editavel === false;
+             const fonteAutomatica = campo.escopo === "GLOBAL" && Boolean(campo.fonteEntidade);
+             const descricaoId = complementoPendente ? `campo-bpm-${campo.id}-erro` : undefined;
+             return (
+               <div key={campo.id} className="space-y-1.5">
+                 <label htmlFor={`campo-bpm-${campo.id}`} className="text-[11px] font-medium text-slate-400">
+                   {campoLabels[campo.id] ?? campo.nome}{campo.obrigatorio ? " *" : ""}{campo.obrigatorioEntrada ? " · exigido na entrada" : ""}{campo.obrigatorioSaida ? " · exigido na saída" : ""}{fonteAutomatica ? " · automático" : ""}
+                 </label>
+                 {campo.chave === BPM_FIELD_KEYS.MEETING_SUMMARY && (
+                   <button
+                     type="button"
+                     disabled={!podeEditar || Boolean(valoresCamposAtuais[campo.id]?.trim())}
+                     onClick={() => {
+                       alterarCampo(campo.id, TEMPLATE_RESUMO_ALINHAMENTO);
+                     }}
+                     className="inline-flex items-center gap-1 rounded-lg border border-sky-300/25 px-2 py-1 text-[10px] font-semibold text-sky-200 hover:bg-sky-300/10 disabled:cursor-not-allowed disabled:opacity-50"
+                   >
+                     <ClipboardPaste size={12} aria-hidden="true" /> Usar template do resumo
+                   </button>
+                 )}
+                 <CampoBpmInput
+                   campo={campo}
+                   value={valoresCamposAtuais[campo.id] ?? ""}
+                   invalid={complementoPendente}
+                   describedBy={descricaoId}
+                   onChange={(valor) => {
+                     alterarCampo(campo.id, valor);
+                   }}
+                   onBlur={() => void salvarCamposAtuais()}
+                   className={inputCls}
+                   disabled={!podeEditar}
+                   readOnly={somenteLeitura}
+                   cardId={card.id}
+                   arquivoAtual={campo.tipo === "arquivo"
+                     ? card.anexos.find((anexo) => anexo.id === valoresCamposAtuais[campo.id]) ?? null
+                     : null}
+                   registerFileSave={registerSave}
+                   onFileConfirmed={(arquivo) => {
+                     const proximos = { ...valoresRef.current, [campo.id]: arquivo.id };
+                     valoresRef.current = proximos;
+                     rastreadores.current.get(campo.id)?.sincronizar(arquivo.id);
+                     snapshotAtivoRef.current = {
+                       ...snapshotAtivoRef.current,
+                       valores: { ...snapshotAtivoRef.current.valores, [campo.id]: arquivo.id },
+                     };
+                     setValoresCamposAtuais(proximos);
+                     setBaseCamposAtuais((atual) => ({ ...atual, [campo.id]: arquivo.id }));
+                     atualizarPendencias();
+                     onAtualizado();
+                   }}
+                 />
+                 {complementoPendente && (
+                   <p id={descricaoId} role="alert" className="text-[11px] text-amber-300">
+                     {MOTIVO_LOST_OUTRO_OBRIGATORIO_MENSAGEM}
+                   </p>
+                 )}
+               </div>
+             );
+               })}
+             </fieldset>
+           {savesCamposPendentes > 0 && <p className="flex items-center gap-2 text-[11px] text-slate-500"><Loader2 size={13} className="animate-spin" /> Salvando alterações...</p>}
+           {!podeEditar && <p className="text-[11px] text-slate-500">Somente o responsável ou um administrador pode editar estes campos.</p>}
+         </div>
+       )}
+     </section>
+   );
+ }
+

 ❯ tests/bpm/lost-ui.test.ts:83:25
     81|     expect(camposEtapa).toContain("versaoEsperadaEm: versaoBaseCampos"…
     82|     expect(camposEtapa).toContain("resolverSnapshotCamposRealtime({");
     83|     expect(camposEtapa).toContain("if (!podeEditar || !camposAtuaisAlt…
       |                         ^
     84|     expect(camposEtapa).toContain("Usar dados atualizados");
     85|     expect(proximaEtapa).toContain("MoverCardBpm({ cardId: card.id, et…

⎯⎯⎯⎯⎯⎯⎯⎯⎯⎯⎯⎯⎯⎯⎯⎯⎯⎯⎯⎯⎯⎯⎯⎯[1/1]⎯


 Test Files  1 failed | 3 passed (4)
      Tests  1 failed | 28 passed (29)
   Start at  19:41:46
   Duration  522ms (transform 118ms, setup 0ms, import 292ms, tests 347ms, environment 177ms)

