
> alpha_sistema@0.1.0 calendar-alpha:worker
> tsx scripts/calendar-alpha-worker.mjs --continuous

◇ injected env (8) from .env // tip: ◈ encrypted .env [www.dotenvx.com]
◇ injected env (64) from .env.local // tip: ⌘ custom filepath { path: '/custom/path/.env' }
{"component":"agenda-alpha-worker","event":"worker_started","correlationId":"a41d1f05-dad6-4fe5-a28d-3e6c79ce1d7b","timestamp":"2026-08-26T20:08:25.035Z"}
{"component":"agenda-alpha-worker","event":"poll_idle","correlationId":"a41d1f05-dad6-4fe5-a28d-3e6c79ce1d7b","timestamp":"2026-08-26T20:08:25.832Z"}
{"component":"agenda-alpha-worker","event":"poll_idle","correlationId":"a41d1f05-dad6-4fe5-a28d-3e6c79ce1d7b","timestamp":"2026-08-26T20:08:31.438Z"}
{"component":"agenda-alpha-worker","event":"poll_idle","correlationId":"a41d1f05-dad6-4fe5-a28d-3e6c79ce1d7b","timestamp":"2026-08-26T20:08:37.057Z"}
{"component":"agenda-alpha-worker","event":"poll_idle","correlationId":"a41d1f05-dad6-4fe5-a28d-3e6c79ce1d7b","timestamp":"2026-08-26T20:08:42.677Z"}
{"component":"agenda-alpha-worker","event":"poll_idle","correlationId":"a41d1f05-dad6-4fe5-a28d-3e6c79ce1d7b","timestamp":"2026-08-26T20:08:48.345Z"}
{"component":"agenda-alpha-worker","event":"poll_idle","correlationId":"a41d1f05-dad6-4fe5-a28d-3e6c79ce1d7b","timestamp":"2026-08-26T20:08:53.949Z"}
{"component":"agenda-alpha-worker","event":"poll_idle","correlationId":"a41d1f05-dad6-4fe5-a28d-3e6c79ce1d7b","timestamp":"2026-08-26T20:08:59.579Z"}
{"component":"agenda-alpha-worker","event":"poll_idle","correlationId":"a41d1f05-dad6-4fe5-a28d-3e6c79ce1d7b","timestamp":"2026-08-26T20:09:05.177Z"}
{"component":"agenda-alpha-worker","event":"poll_idle","correlationId":"a41d1f05-dad6-4fe5-a28d-3e6c79ce1d7b","timestamp":"2026-08-26T20:09:10.787Z"}
{"component":"agenda-alpha-worker","event":"poll_idle","correlationId":"a41d1f05-dad6-4fe5-a28d-3e6c79ce1d7b","timestamp":"2026-08-26T20:09:16.395Z"}
{"component":"agenda-alpha-worker","event":"poll_idle","correlationId":"a41d1f05-dad6-4fe5-a28d-3e6c79ce1d7b","timestamp":"2026-08-26T20:09:22.002Z"}
{"component":"agenda-alpha-worker","event":"poll_idle","correlationId":"a41d1f05-dad6-4fe5-a28d-3e6c79ce1d7b","timestamp":"2026-08-26T20:09:27.602Z"}
{"component":"agenda-alpha-worker","event":"poll_idle","correlationId":"a41d1f05-dad6-4fe5-a28d-3e6c79ce1d7b","timestamp":"2026-08-26T20:09:33.193Z"}
{"component":"agenda-alpha-worker","event":"poll_idle","correlationId":"a41d1f05-dad6-4fe5-a28d-3e6c79ce1d7b","timestamp":"2026-08-26T20:09:38.786Z"}
{"component":"agenda-alpha-worker","event":"poll_idle","correlationId":"a41d1f05-dad6-4fe5-a28d-3e6c79ce1d7b","timestamp":"2026-08-26T20:09:44.546Z"}
{"component":"agenda-alpha-worker","event":"poll_idle","correlationId":"a41d1f05-dad6-4fe5-a28d-3e6c79ce1d7b","timestamp":"2026-08-26T20:09:50.144Z"}
{"component":"agenda-alpha-worker","event":"poll_idle","correlationId":"a41d1f05-dad6-4fe5-a28d-3e6c79ce1d7b","timestamp":"2026-08-26T20:09:55.769Z"}
{"component":"agenda-alpha-worker","event":"poll_idle","correlationId":"a41d1f05-dad6-4fe5-a28d-3e6c79ce1d7b","timestamp":"2026-08-26T20:10:01.371Z"}
{"component":"agenda-alpha-worker","event":"poll_idle","correlationId":"a41d1f05-dad6-4fe5-a28d-3e6c79ce1d7b","timestamp":"2026-08-26T20:10:06.957Z"}
{"component":"agenda-alpha-worker","event":"poll_idle","correlationId":"a41d1f05-dad6-4fe5-a28d-3e6c79ce1d7b","timestamp":"2026-08-26T20:10:12.557Z"}
{"component":"agenda-alpha-worker","event":"poll_idle","correlationId":"a41d1f05-dad6-4fe5-a28d-3e6c79ce1d7b","timestamp":"2026-08-26T20:10:18.186Z"}
{"component":"agenda-alpha-worker","event":"poll_idle","correlationId":"a41d1f05-dad6-4fe5-a28d-3e6c79ce1d7b","timestamp":"2026-08-26T20:10:23.811Z"}
{"component":"agenda-alpha-worker","event":"poll_idle","correlationId":"a41d1f05-dad6-4fe5-a28d-3e6c79ce1d7b","timestamp":"2026-08-26T20:10:29.430Z"}
{"component":"agenda-alpha-worker","event":"poll_idle","correlationId":"a41d1f05-dad6-4fe5-a28d-3e6c79ce1d7b","timestamp":"2026-08-26T20:10:35.033Z"}
{"component":"agenda-alpha-worker","event":"poll_idle","correlationId":"a41d1f05-dad6-4fe5-a28d-3e6c79ce1d7b","timestamp":"2026-08-26T20:10:40.646Z"}
{"component":"agenda-alpha-worker","event":"poll_idle","correlationId":"a41d1f05-dad6-4fe5-a28d-3e6c79ce1d7b","timestamp":"2026-08-26T20:10:46.265Z"}
{"component":"agenda-alpha-worker","event":"poll_idle","correlationId":"a41d1f05-dad6-4fe5-a28d-3e6c79ce1d7b","timestamp":"2026-08-26T20:10:51.872Z"}
{"component":"agenda-alpha-worker","event":"poll_idle","correlationId":"a41d1f05-dad6-4fe5-a28d-3e6c79ce1d7b","timestamp":"2026-08-26T20:10:57.481Z"}
{"component":"agenda-alpha-worker","event":"poll_idle","correlationId":"a41d1f05-dad6-4fe5-a28d-3e6c79ce1d7b","timestamp":"2026-08-26T20:11:03.083Z"}
{"component":"agenda-alpha-worker","event":"poll_idle","correlationId":"a41d1f05-dad6-4fe5-a28d-3e6c79ce1d7b","timestamp":"2026-08-26T20:11:08.761Z"}
{"component":"agenda-alpha-worker","event":"poll_idle","correlationId":"a41d1f05-dad6-4fe5-a28d-3e6c79ce1d7b","timestamp":"2026-08-26T20:11:14.355Z"}
{"component":"agenda-alpha-worker","event":"poll_idle","correlationId":"a41d1f05-dad6-4fe5-a28d-3e6c79ce1d7b","timestamp":"2026-08-26T20:11:20.038Z"}
{"component":"agenda-alpha-worker","event":"poll_idle","correlationId":"a41d1f05-dad6-4fe5-a28d-3e6c79ce1d7b","timestamp":"2026-08-26T20:11:25.627Z"}
{"component":"agenda-alpha-worker","event":"poll_idle","correlationId":"a41d1f05-dad6-4fe5-a28d-3e6c79ce1d7b","timestamp":"2026-08-26T20:11:31.218Z"}
{"component":"agenda-alpha-worker","event":"poll_idle","correlationId":"a41d1f05-dad6-4fe5-a28d-3e6c79ce1d7b","timestamp":"2026-08-26T20:11:36.838Z"}
{"component":"agenda-alpha-worker","event":"poll_idle","correlationId":"a41d1f05-dad6-4fe5-a28d-3e6c79ce1d7b","timestamp":"2026-08-26T20:11:42.435Z"}
{"component":"agenda-alpha-worker","event":"poll_idle","correlationId":"a41d1f05-dad6-4fe5-a28d-3e6c79ce1d7b","timestamp":"2026-08-26T20:11:48.061Z"}
{"component":"agenda-alpha-worker","event":"poll_idle","correlationId":"a41d1f05-dad6-4fe5-a28d-3e6c79ce1d7b","timestamp":"2026-08-26T20:11:53.650Z"}
{"component":"agenda-alpha-worker","event":"poll_idle","correlationId":"a41d1f05-dad6-4fe5-a28d-3e6c79ce1d7b","timestamp":"2026-08-26T20:11:59.245Z"}
{"component":"agenda-alpha-worker","event":"poll_idle","correlationId":"a41d1f05-dad6-4fe5-a28d-3e6c79ce1d7b","timestamp":"2026-08-26T20:12:04.852Z"}
{"component":"agenda-alpha-worker","event":"poll_idle","correlationId":"a41d1f05-dad6-4fe5-a28d-3e6c79ce1d7b","timestamp":"2026-08-26T20:12:10.452Z"}
{"component":"agenda-alpha-worker","event":"poll_idle","correlationId":"a41d1f05-dad6-4fe5-a28d-3e6c79ce1d7b","timestamp":"2026-08-26T20:12:16.059Z"}
{"component":"agenda-alpha-worker","event":"poll_idle","correlationId":"a41d1f05-dad6-4fe5-a28d-3e6c79ce1d7b","timestamp":"2026-08-26T20:12:21.663Z"}
{"component":"agenda-alpha-worker","event":"poll_idle","correlationId":"a41d1f05-dad6-4fe5-a28d-3e6c79ce1d7b","timestamp":"2026-08-26T20:12:27.252Z"}
{"component":"agenda-alpha-worker","event":"poll_idle","correlationId":"a41d1f05-dad6-4fe5-a28d-3e6c79ce1d7b","timestamp":"2026-08-26T20:12:32.852Z"}
{"component":"agenda-alpha-worker","event":"poll_idle","correlationId":"a41d1f05-dad6-4fe5-a28d-3e6c79ce1d7b","timestamp":"2026-08-26T20:12:38.527Z"}
{"component":"agenda-alpha-worker","event":"poll_idle","correlationId":"a41d1f05-dad6-4fe5-a28d-3e6c79ce1d7b","timestamp":"2026-08-26T20:12:44.403Z"}
{"component":"agenda-alpha-worker","event":"poll_idle","correlationId":"a41d1f05-dad6-4fe5-a28d-3e6c79ce1d7b","timestamp":"2026-08-26T20:12:50.013Z"}
{"component":"agenda-alpha-worker","event":"poll_idle","correlationId":"a41d1f05-dad6-4fe5-a28d-3e6c79ce1d7b","timestamp":"2026-08-26T20:12:55.806Z"}
{"component":"agenda-alpha-worker","event":"poll_idle","correlationId":"a41d1f05-dad6-4fe5-a28d-3e6c79ce1d7b","timestamp":"2026-08-26T20:13:01.423Z"}
{"component":"agenda-alpha-worker","event":"poll_idle","correlationId":"a41d1f05-dad6-4fe5-a28d-3e6c79ce1d7b","timestamp":"2026-08-26T20:13:07.046Z"}
{"component":"agenda-alpha-worker","event":"poll_idle","correlationId":"a41d1f05-dad6-4fe5-a28d-3e6c79ce1d7b","timestamp":"2026-08-26T20:13:12.653Z"}
{"component":"agenda-alpha-worker","event":"poll_idle","correlationId":"a41d1f05-dad6-4fe5-a28d-3e6c79ce1d7b","timestamp":"2026-08-26T20:13:18.271Z"}
{"component":"agenda-alpha-worker","event":"poll_idle","correlationId":"a41d1f05-dad6-4fe5-a28d-3e6c79ce1d7b","timestamp":"2026-08-26T20:13:23.878Z"}
{"component":"agenda-alpha-worker","event":"poll_idle","correlationId":"a41d1f05-dad6-4fe5-a28d-3e6c79ce1d7b","timestamp":"2026-08-26T20:13:29.488Z"}
{"component":"agenda-alpha-worker","event":"poll_idle","correlationId":"a41d1f05-dad6-4fe5-a28d-3e6c79ce1d7b","timestamp":"2026-08-26T20:13:35.098Z"}
{"component":"agenda-alpha-worker","event":"poll_idle","correlationId":"a41d1f05-dad6-4fe5-a28d-3e6c79ce1d7b","timestamp":"2026-08-26T20:13:40.702Z"}
{"component":"agenda-alpha-worker","event":"poll_idle","correlationId":"a41d1f05-dad6-4fe5-a28d-3e6c79ce1d7b","timestamp":"2026-08-26T20:13:46.374Z"}
{"component":"agenda-alpha-worker","event":"poll_idle","correlationId":"a41d1f05-dad6-4fe5-a28d-3e6c79ce1d7b","timestamp":"2026-08-26T20:13:51.984Z"}
{"component":"agenda-alpha-worker","event":"poll_idle","correlationId":"a41d1f05-dad6-4fe5-a28d-3e6c79ce1d7b","timestamp":"2026-08-26T20:13:57.591Z"}
{"component":"agenda-alpha-worker","event":"poll_idle","correlationId":"a41d1f05-dad6-4fe5-a28d-3e6c79ce1d7b","timestamp":"2026-08-26T20:14:03.191Z"}
{"component":"agenda-alpha-worker","event":"poll_idle","correlationId":"a41d1f05-dad6-4fe5-a28d-3e6c79ce1d7b","timestamp":"2026-08-26T20:14:08.809Z"}
{"component":"agenda-alpha-worker","event":"poll_idle","correlationId":"a41d1f05-dad6-4fe5-a28d-3e6c79ce1d7b","timestamp":"2026-08-26T20:14:14.411Z"}
{"component":"agenda-alpha-worker","event":"poll_idle","correlationId":"a41d1f05-dad6-4fe5-a28d-3e6c79ce1d7b","timestamp":"2026-08-26T20:14:20.060Z"}
{"component":"agenda-alpha-worker","event":"poll_idle","correlationId":"a41d1f05-dad6-4fe5-a28d-3e6c79ce1d7b","timestamp":"2026-08-26T20:14:25.682Z"}
{"component":"agenda-alpha-worker","event":"poll_idle","correlationId":"a41d1f05-dad6-4fe5-a28d-3e6c79ce1d7b","timestamp":"2026-08-26T20:14:31.282Z"}
{"component":"agenda-alpha-worker","event":"poll_idle","correlationId":"a41d1f05-dad6-4fe5-a28d-3e6c79ce1d7b","timestamp":"2026-08-26T20:14:36.897Z"}
{"component":"agenda-alpha-worker","event":"poll_idle","correlationId":"a41d1f05-dad6-4fe5-a28d-3e6c79ce1d7b","timestamp":"2026-08-26T20:14:42.522Z"}
{"component":"agenda-alpha-worker","event":"poll_idle","correlationId":"a41d1f05-dad6-4fe5-a28d-3e6c79ce1d7b","timestamp":"2026-08-26T20:14:48.114Z"}
{"component":"agenda-alpha-worker","event":"poll_idle","correlationId":"a41d1f05-dad6-4fe5-a28d-3e6c79ce1d7b","timestamp":"2026-08-26T20:14:53.926Z"}
{"component":"agenda-alpha-worker","event":"poll_idle","correlationId":"a41d1f05-dad6-4fe5-a28d-3e6c79ce1d7b","timestamp":"2026-08-26T20:14:59.556Z"}
{"component":"agenda-alpha-worker","event":"poll_idle","correlationId":"a41d1f05-dad6-4fe5-a28d-3e6c79ce1d7b","timestamp":"2026-08-26T20:15:05.173Z"}
{"component":"agenda-alpha-worker","event":"poll_idle","correlationId":"a41d1f05-dad6-4fe5-a28d-3e6c79ce1d7b","timestamp":"2026-08-26T20:15:11.769Z"}
{"component":"agenda-alpha-worker","event":"poll_idle","correlationId":"a41d1f05-dad6-4fe5-a28d-3e6c79ce1d7b","timestamp":"2026-08-26T20:15:17.400Z"}
{"component":"agenda-alpha-worker","event":"poll_idle","correlationId":"a41d1f05-dad6-4fe5-a28d-3e6c79ce1d7b","timestamp":"2026-08-26T20:15:23.057Z"}
{"component":"agenda-alpha-worker","event":"poll_idle","correlationId":"a41d1f05-dad6-4fe5-a28d-3e6c79ce1d7b","timestamp":"2026-08-26T20:15:28.716Z"}
{"component":"agenda-alpha-worker","event":"poll_idle","correlationId":"a41d1f05-dad6-4fe5-a28d-3e6c79ce1d7b","timestamp":"2026-08-26T20:15:34.348Z"}
{"component":"agenda-alpha-worker","event":"poll_idle","correlationId":"a41d1f05-dad6-4fe5-a28d-3e6c79ce1d7b","timestamp":"2026-08-26T20:15:39.961Z"}
{"component":"agenda-alpha-worker","event":"poll_idle","correlationId":"a41d1f05-dad6-4fe5-a28d-3e6c79ce1d7b","timestamp":"2026-08-26T20:15:45.584Z"}
{"component":"agenda-alpha-worker","event":"poll_idle","correlationId":"a41d1f05-dad6-4fe5-a28d-3e6c79ce1d7b","timestamp":"2026-08-26T20:15:51.246Z"}
{"component":"agenda-alpha-worker","event":"poll_idle","correlationId":"a41d1f05-dad6-4fe5-a28d-3e6c79ce1d7b","timestamp":"2026-08-26T20:15:57.010Z"}
{"component":"agenda-alpha-worker","event":"poll_idle","correlationId":"a41d1f05-dad6-4fe5-a28d-3e6c79ce1d7b","timestamp":"2026-08-26T20:16:02.748Z"}
{"component":"agenda-alpha-worker","event":"poll_idle","correlationId":"a41d1f05-dad6-4fe5-a28d-3e6c79ce1d7b","timestamp":"2026-08-26T20:16:08.474Z"}
{"component":"agenda-alpha-worker","event":"poll_idle","correlationId":"a41d1f05-dad6-4fe5-a28d-3e6c79ce1d7b","timestamp":"2026-08-26T20:16:14.196Z"}
{"component":"agenda-alpha-worker","event":"poll_idle","correlationId":"a41d1f05-dad6-4fe5-a28d-3e6c79ce1d7b","timestamp":"2026-08-26T20:16:20.004Z"}
{"component":"agenda-alpha-worker","event":"poll_idle","correlationId":"a41d1f05-dad6-4fe5-a28d-3e6c79ce1d7b","timestamp":"2026-08-26T20:16:25.763Z"}
{"component":"agenda-alpha-worker","event":"poll_idle","correlationId":"a41d1f05-dad6-4fe5-a28d-3e6c79ce1d7b","timestamp":"2026-08-26T20:16:31.399Z"}
{"component":"agenda-alpha-worker","event":"poll_idle","correlationId":"a41d1f05-dad6-4fe5-a28d-3e6c79ce1d7b","timestamp":"2026-08-26T20:16:36.993Z"}
{"component":"agenda-alpha-worker","event":"poll_idle","correlationId":"a41d1f05-dad6-4fe5-a28d-3e6c79ce1d7b","timestamp":"2026-08-26T20:16:42.674Z"}
{"component":"agenda-alpha-worker","event":"poll_idle","correlationId":"a41d1f05-dad6-4fe5-a28d-3e6c79ce1d7b","timestamp":"2026-08-26T20:16:48.368Z"}
{"component":"agenda-alpha-worker","event":"poll_idle","correlationId":"a41d1f05-dad6-4fe5-a28d-3e6c79ce1d7b","timestamp":"2026-08-26T20:16:54.048Z"}
{"component":"agenda-alpha-worker","event":"poll_idle","correlationId":"a41d1f05-dad6-4fe5-a28d-3e6c79ce1d7b","timestamp":"2026-08-26T20:16:59.966Z"}
{"component":"agenda-alpha-worker","event":"poll_idle","correlationId":"a41d1f05-dad6-4fe5-a28d-3e6c79ce1d7b","timestamp":"2026-08-26T20:17:05.652Z"}
{"component":"agenda-alpha-worker","event":"poll_idle","correlationId":"a41d1f05-dad6-4fe5-a28d-3e6c79ce1d7b","timestamp":"2026-08-26T20:17:11.258Z"}
{"component":"agenda-alpha-worker","event":"poll_idle","correlationId":"a41d1f05-dad6-4fe5-a28d-3e6c79ce1d7b","timestamp":"2026-08-26T20:17:16.863Z"}
{"component":"agenda-alpha-worker","event":"poll_idle","correlationId":"a41d1f05-dad6-4fe5-a28d-3e6c79ce1d7b","timestamp":"2026-08-26T20:17:22.463Z"}
{"component":"agenda-alpha-worker","event":"poll_idle","correlationId":"a41d1f05-dad6-4fe5-a28d-3e6c79ce1d7b","timestamp":"2026-08-26T20:17:28.421Z"}
{"component":"agenda-alpha-worker","event":"poll_idle","correlationId":"a41d1f05-dad6-4fe5-a28d-3e6c79ce1d7b","timestamp":"2026-08-26T20:17:34.195Z"}
{"component":"agenda-alpha-worker","event":"poll_idle","correlationId":"a41d1f05-dad6-4fe5-a28d-3e6c79ce1d7b","timestamp":"2026-08-26T20:17:39.882Z"}
{"component":"agenda-alpha-worker","event":"poll_idle","correlationId":"a41d1f05-dad6-4fe5-a28d-3e6c79ce1d7b","timestamp":"2026-08-26T20:17:45.764Z"}
{"component":"agenda-alpha-worker","event":"poll_idle","correlationId":"a41d1f05-dad6-4fe5-a28d-3e6c79ce1d7b","timestamp":"2026-08-26T20:17:51.360Z"}
{"component":"agenda-alpha-worker","event":"poll_idle","correlationId":"a41d1f05-dad6-4fe5-a28d-3e6c79ce1d7b","timestamp":"2026-08-26T20:17:57.019Z"}
{"component":"agenda-alpha-worker","event":"poll_idle","correlationId":"a41d1f05-dad6-4fe5-a28d-3e6c79ce1d7b","timestamp":"2026-08-26T20:18:02.625Z"}
{"component":"agenda-alpha-worker","event":"poll_idle","correlationId":"a41d1f05-dad6-4fe5-a28d-3e6c79ce1d7b","timestamp":"2026-08-26T20:18:08.225Z"}
{"component":"agenda-alpha-worker","event":"poll_idle","correlationId":"a41d1f05-dad6-4fe5-a28d-3e6c79ce1d7b","timestamp":"2026-08-26T20:18:13.810Z"}
{"component":"agenda-alpha-worker","event":"poll_idle","correlationId":"a41d1f05-dad6-4fe5-a28d-3e6c79ce1d7b","timestamp":"2026-08-26T20:18:19.433Z"}
{"component":"agenda-alpha-worker","event":"poll_idle","correlationId":"a41d1f05-dad6-4fe5-a28d-3e6c79ce1d7b","timestamp":"2026-08-26T20:18:25.094Z"}
{"component":"agenda-alpha-worker","event":"poll_idle","correlationId":"a41d1f05-dad6-4fe5-a28d-3e6c79ce1d7b","timestamp":"2026-08-26T20:18:30.704Z"}
{"component":"agenda-alpha-worker","event":"poll_idle","correlationId":"a41d1f05-dad6-4fe5-a28d-3e6c79ce1d7b","timestamp":"2026-08-26T20:18:36.302Z"}
{"component":"agenda-alpha-worker","event":"poll_idle","correlationId":"a41d1f05-dad6-4fe5-a28d-3e6c79ce1d7b","timestamp":"2026-08-26T20:18:41.907Z"}
{"component":"agenda-alpha-worker","event":"poll_idle","correlationId":"a41d1f05-dad6-4fe5-a28d-3e6c79ce1d7b","timestamp":"2026-08-26T20:18:47.517Z"}
{"component":"agenda-alpha-worker","event":"poll_idle","correlationId":"a41d1f05-dad6-4fe5-a28d-3e6c79ce1d7b","timestamp":"2026-08-26T20:18:53.246Z"}
{"component":"agenda-alpha-worker","event":"poll_idle","correlationId":"a41d1f05-dad6-4fe5-a28d-3e6c79ce1d7b","timestamp":"2026-08-26T20:18:58.854Z"}
{"component":"agenda-alpha-worker","event":"poll_idle","correlationId":"a41d1f05-dad6-4fe5-a28d-3e6c79ce1d7b","timestamp":"2026-08-26T20:19:04.443Z"}
{"component":"agenda-alpha-worker","event":"poll_idle","correlationId":"a41d1f05-dad6-4fe5-a28d-3e6c79ce1d7b","timestamp":"2026-08-26T20:19:10.059Z"}
{"component":"agenda-alpha-worker","event":"poll_idle","correlationId":"a41d1f05-dad6-4fe5-a28d-3e6c79ce1d7b","timestamp":"2026-08-26T20:19:17.646Z"}
{"component":"agenda-alpha-worker","event":"poll_idle","correlationId":"a41d1f05-dad6-4fe5-a28d-3e6c79ce1d7b","timestamp":"2026-08-26T20:19:23.250Z"}
{"component":"agenda-alpha-worker","event":"poll_idle","correlationId":"a41d1f05-dad6-4fe5-a28d-3e6c79ce1d7b","timestamp":"2026-08-26T20:19:28.853Z"}
{"component":"agenda-alpha-worker","event":"poll_idle","correlationId":"a41d1f05-dad6-4fe5-a28d-3e6c79ce1d7b","timestamp":"2026-08-26T20:19:34.445Z"}
{"component":"agenda-alpha-worker","event":"poll_idle","correlationId":"a41d1f05-dad6-4fe5-a28d-3e6c79ce1d7b","timestamp":"2026-08-26T20:19:40.055Z"}
{"component":"agenda-alpha-worker","event":"poll_idle","correlationId":"a41d1f05-dad6-4fe5-a28d-3e6c79ce1d7b","timestamp":"2026-08-26T20:19:45.687Z"}
{"component":"agenda-alpha-worker","event":"poll_idle","correlationId":"a41d1f05-dad6-4fe5-a28d-3e6c79ce1d7b","timestamp":"2026-08-26T20:19:51.278Z"}
{"component":"agenda-alpha-worker","event":"poll_idle","correlationId":"a41d1f05-dad6-4fe5-a28d-3e6c79ce1d7b","timestamp":"2026-08-26T20:19:56.880Z"}
{"component":"agenda-alpha-worker","event":"poll_idle","correlationId":"a41d1f05-dad6-4fe5-a28d-3e6c79ce1d7b","timestamp":"2026-08-26T20:20:02.465Z"}
{"component":"agenda-alpha-worker","event":"poll_idle","correlationId":"a41d1f05-dad6-4fe5-a28d-3e6c79ce1d7b","timestamp":"2026-08-26T20:20:08.070Z"}
{"component":"agenda-alpha-worker","event":"poll_idle","correlationId":"a41d1f05-dad6-4fe5-a28d-3e6c79ce1d7b","timestamp":"2026-08-26T20:20:13.745Z"}
{"component":"agenda-alpha-worker","event":"poll_idle","correlationId":"a41d1f05-dad6-4fe5-a28d-3e6c79ce1d7b","timestamp":"2026-08-26T20:20:19.354Z"}
{"component":"agenda-alpha-worker","event":"poll_idle","correlationId":"a41d1f05-dad6-4fe5-a28d-3e6c79ce1d7b","timestamp":"2026-08-26T20:20:24.955Z"}
{"component":"agenda-alpha-worker","event":"poll_idle","correlationId":"a41d1f05-dad6-4fe5-a28d-3e6c79ce1d7b","timestamp":"2026-08-26T20:20:30.554Z"}
{"component":"agenda-alpha-worker","event":"poll_idle","correlationId":"a41d1f05-dad6-4fe5-a28d-3e6c79ce1d7b","timestamp":"2026-08-26T20:20:36.154Z"}
{"component":"agenda-alpha-worker","event":"poll_idle","correlationId":"a41d1f05-dad6-4fe5-a28d-3e6c79ce1d7b","timestamp":"2026-08-26T20:20:41.814Z"}
{"component":"agenda-alpha-worker","event":"poll_idle","correlationId":"a41d1f05-dad6-4fe5-a28d-3e6c79ce1d7b","timestamp":"2026-08-26T20:20:47.581Z"}
{"component":"agenda-alpha-worker","event":"poll_idle","correlationId":"a41d1f05-dad6-4fe5-a28d-3e6c79ce1d7b","timestamp":"2026-08-26T20:20:53.182Z"}
{"component":"agenda-alpha-worker","event":"poll_idle","correlationId":"a41d1f05-dad6-4fe5-a28d-3e6c79ce1d7b","timestamp":"2026-08-26T20:20:58.777Z"}
{"component":"agenda-alpha-worker","event":"poll_idle","correlationId":"a41d1f05-dad6-4fe5-a28d-3e6c79ce1d7b","timestamp":"2026-08-26T20:21:04.376Z"}
{"component":"agenda-alpha-worker","event":"poll_idle","correlationId":"a41d1f05-dad6-4fe5-a28d-3e6c79ce1d7b","timestamp":"2026-08-26T20:21:09.968Z"}
{"component":"agenda-alpha-worker","event":"poll_idle","correlationId":"a41d1f05-dad6-4fe5-a28d-3e6c79ce1d7b","timestamp":"2026-08-26T20:21:15.564Z"}
{"component":"agenda-alpha-worker","event":"poll_idle","correlationId":"a41d1f05-dad6-4fe5-a28d-3e6c79ce1d7b","timestamp":"2026-08-26T20:21:21.160Z"}
{"component":"agenda-alpha-worker","event":"poll_idle","correlationId":"a41d1f05-dad6-4fe5-a28d-3e6c79ce1d7b","timestamp":"2026-08-26T20:21:26.756Z"}
{"component":"agenda-alpha-worker","event":"poll_idle","correlationId":"a41d1f05-dad6-4fe5-a28d-3e6c79ce1d7b","timestamp":"2026-08-26T20:21:32.353Z"}
{"component":"agenda-alpha-worker","event":"poll_idle","correlationId":"a41d1f05-dad6-4fe5-a28d-3e6c79ce1d7b","timestamp":"2026-08-26T20:22:05.147Z"}
{"component":"agenda-alpha-worker","event":"poll_idle","correlationId":"a41d1f05-dad6-4fe5-a28d-3e6c79ce1d7b","timestamp":"2026-08-26T20:22:10.812Z"}
{"component":"agenda-alpha-worker","event":"poll_idle","correlationId":"a41d1f05-dad6-4fe5-a28d-3e6c79ce1d7b","timestamp":"2026-08-26T20:22:16.396Z"}
{"component":"agenda-alpha-worker","event":"poll_idle","correlationId":"a41d1f05-dad6-4fe5-a28d-3e6c79ce1d7b","timestamp":"2026-08-26T20:22:21.999Z"}
{"component":"agenda-alpha-worker","event":"poll_idle","correlationId":"a41d1f05-dad6-4fe5-a28d-3e6c79ce1d7b","timestamp":"2026-08-26T20:22:27.599Z"}
{"component":"agenda-alpha-worker","event":"poll_idle","correlationId":"a41d1f05-dad6-4fe5-a28d-3e6c79ce1d7b","timestamp":"2026-08-26T20:22:33.192Z"}
{"component":"agenda-alpha-worker","event":"poll_idle","correlationId":"a41d1f05-dad6-4fe5-a28d-3e6c79ce1d7b","timestamp":"2026-08-26T20:22:38.780Z"}
{"component":"agenda-alpha-worker","event":"poll_idle","correlationId":"a41d1f05-dad6-4fe5-a28d-3e6c79ce1d7b","timestamp":"2026-08-26T20:22:44.372Z"}
{"component":"agenda-alpha-worker","event":"poll_idle","correlationId":"a41d1f05-dad6-4fe5-a28d-3e6c79ce1d7b","timestamp":"2026-08-26T20:22:49.973Z"}
{"component":"agenda-alpha-worker","event":"poll_idle","correlationId":"a41d1f05-dad6-4fe5-a28d-3e6c79ce1d7b","timestamp":"2026-08-26T20:22:55.573Z"}
{"component":"agenda-alpha-worker","event":"poll_idle","correlationId":"a41d1f05-dad6-4fe5-a28d-3e6c79ce1d7b","timestamp":"2026-08-26T20:23:01.157Z"}
{"component":"agenda-alpha-worker","event":"poll_idle","correlationId":"a41d1f05-dad6-4fe5-a28d-3e6c79ce1d7b","timestamp":"2026-08-26T20:23:06.860Z"}
{"component":"agenda-alpha-worker","event":"poll_idle","correlationId":"a41d1f05-dad6-4fe5-a28d-3e6c79ce1d7b","timestamp":"2026-08-26T20:23:12.456Z"}
{"component":"agenda-alpha-worker","event":"poll_idle","correlationId":"a41d1f05-dad6-4fe5-a28d-3e6c79ce1d7b","timestamp":"2026-08-26T20:23:18.042Z"}
{"component":"agenda-alpha-worker","event":"poll_idle","correlationId":"a41d1f05-dad6-4fe5-a28d-3e6c79ce1d7b","timestamp":"2026-08-26T20:23:23.628Z"}
{"component":"agenda-alpha-worker","event":"poll_idle","correlationId":"a41d1f05-dad6-4fe5-a28d-3e6c79ce1d7b","timestamp":"2026-08-26T20:23:29.459Z"}
{"component":"agenda-alpha-worker","event":"poll_idle","correlationId":"a41d1f05-dad6-4fe5-a28d-3e6c79ce1d7b","timestamp":"2026-08-26T20:23:35.053Z"}
{"component":"agenda-alpha-worker","event":"poll_idle","correlationId":"a41d1f05-dad6-4fe5-a28d-3e6c79ce1d7b","timestamp":"2026-08-26T20:23:40.645Z"}
{"component":"agenda-alpha-worker","event":"poll_idle","correlationId":"a41d1f05-dad6-4fe5-a28d-3e6c79ce1d7b","timestamp":"2026-08-26T20:23:46.294Z"}
{"component":"agenda-alpha-worker","event":"poll_idle","correlationId":"a41d1f05-dad6-4fe5-a28d-3e6c79ce1d7b","timestamp":"2026-08-26T20:23:51.889Z"}
{"component":"agenda-alpha-worker","event":"poll_idle","correlationId":"a41d1f05-dad6-4fe5-a28d-3e6c79ce1d7b","timestamp":"2026-08-26T20:23:57.516Z"}
{"component":"agenda-alpha-worker","event":"poll_idle","correlationId":"a41d1f05-dad6-4fe5-a28d-3e6c79ce1d7b","timestamp":"2026-08-26T20:24:03.112Z"}
{"component":"agenda-alpha-worker","event":"poll_idle","correlationId":"a41d1f05-dad6-4fe5-a28d-3e6c79ce1d7b","timestamp":"2026-08-26T20:24:08.720Z"}
{"component":"agenda-alpha-worker","event":"poll_idle","correlationId":"a41d1f05-dad6-4fe5-a28d-3e6c79ce1d7b","timestamp":"2026-08-26T20:24:14.327Z"}
{"component":"agenda-alpha-worker","event":"poll_idle","correlationId":"a41d1f05-dad6-4fe5-a28d-3e6c79ce1d7b","timestamp":"2026-08-26T20:24:19.932Z"}
{"component":"agenda-alpha-worker","event":"poll_idle","correlationId":"a41d1f05-dad6-4fe5-a28d-3e6c79ce1d7b","timestamp":"2026-08-26T20:24:25.532Z"}
