
> alpha_sistema@0.1.0 typecheck
> tsc --noEmit

.next/dev/types/validator.ts(1035,31): error TS2559: Type 'typeof import("C:/Users/TI/Desktop/PainelAlpha/src/app/api/ExclusaoFiscal/route")' has no properties in common with type 'RouteHandlerConfig<"/api/ExclusaoFiscal">'.
.next/types/validator.ts(1035,31): error TS2559: Type 'typeof import("C:/Users/TI/Desktop/PainelAlpha/src/app/api/ExclusaoFiscal/route")' has no properties in common with type 'RouteHandlerConfig<"/api/ExclusaoFiscal">'.
src/actions/bpm/GoogleMeet.ts(238,53): error TS2345: Argument of type '{ calendarId: string; titulo: string; timezone: string; diaInteiro: false; inicio: Date; fim: Date; participantes: never[]; criarMeet: true; }' is not assignable to parameter of type '{ calendarId: string; titulo: string; timezone: string; diaInteiro: boolean; inicio: Date; fim: Date; participantes: string[]; criarMeet: boolean; eventType: "default" | "focusTime" | "outOfOffice" | "workingLocation"; descricaoGoogle?: string | undefined; observacaoInterna?: string | undefined; localizacao?: string...'.
  Property 'eventType' is missing in type '{ calendarId: string; titulo: string; timezone: string; diaInteiro: false; inicio: Date; fim: Date; participantes: never[]; criarMeet: true; }' but required in type '{ calendarId: string; titulo: string; timezone: string; diaInteiro: boolean; inicio: Date; fim: Date; participantes: string[]; criarMeet: boolean; eventType: "default" | "focusTime" | "outOfOffice" | "workingLocation"; descricaoGoogle?: string | undefined; observacaoInterna?: string | undefined; localizacao?: string...'.
src/components/CalendarioAlpha/FormularioEvento.tsx(117,21): error TS2345: Argument of type '() => Promise<string | number | undefined>' is not assignable to parameter of type 'TransitionFunction'.
  Type 'Promise<string | number | undefined>' is not assignable to type 'VoidOrUndefinedOnly | Promise<VoidOrUndefinedOnly>'.
    Type 'Promise<string | number | undefined>' is not assignable to type 'Promise<VoidOrUndefinedOnly>'.
      Type 'string | number | undefined' is not assignable to type 'VoidOrUndefinedOnly'.
        Type 'string' is not assignable to type 'VoidOrUndefinedOnly'.
src/components/ComponentesRadar/HabilitacaoRadarClient.tsx(529,27): error TS18048: 'res.data' is possibly 'undefined'.
src/lib/bibble/calendar-tools.ts(744,55): error TS2345: Argument of type '{ calendarId: string; titulo: string; descricaoGoogle: string | undefined; localizacao: string | undefined; timezone: string; diaInteiro: boolean; inicio: Date; fim: Date; participantes: string[]; criarMeet: boolean; }' is not assignable to parameter of type '{ calendarId: string; titulo: string; timezone: string; diaInteiro: boolean; inicio: Date; fim: Date; participantes: string[]; criarMeet: boolean; eventType: "default" | "focusTime" | "outOfOffice" | "workingLocation"; descricaoGoogle?: string | undefined; observacaoInterna?: string | undefined; localizacao?: string...'.
  Property 'eventType' is missing in type '{ calendarId: string; titulo: string; descricaoGoogle: string | undefined; localizacao: string | undefined; timezone: string; diaInteiro: boolean; inicio: Date; fim: Date; participantes: string[]; criarMeet: boolean; }' but required in type '{ calendarId: string; titulo: string; timezone: string; diaInteiro: boolean; inicio: Date; fim: Date; participantes: string[]; criarMeet: boolean; eventType: "default" | "focusTime" | "outOfOffice" | "workingLocation"; descricaoGoogle?: string | undefined; observacaoInterna?: string | undefined; localizacao?: string...'.
src/lib/bibble/calendar-tools.ts(967,74): error TS2345: Argument of type '{ calendarId: string; titulo: string; descricaoGoogle: string | undefined; localizacao: string | undefined; timezone: string; diaInteiro: boolean; inicio: Date; fim: Date; participantes: string[]; criarMeet: boolean; }' is not assignable to parameter of type '{ calendarId: string; titulo: string; timezone: string; diaInteiro: boolean; inicio: Date; fim: Date; participantes: string[]; criarMeet: boolean; eventType: "default" | "focusTime" | "outOfOffice" | "workingLocation"; descricaoGoogle?: string | undefined; observacaoInterna?: string | undefined; localizacao?: string...'.
  Property 'eventType' is missing in type '{ calendarId: string; titulo: string; descricaoGoogle: string | undefined; localizacao: string | undefined; timezone: string; diaInteiro: boolean; inicio: Date; fim: Date; participantes: string[]; criarMeet: boolean; }' but required in type '{ calendarId: string; titulo: string; timezone: string; diaInteiro: boolean; inicio: Date; fim: Date; participantes: string[]; criarMeet: boolean; eventType: "default" | "focusTime" | "outOfOffice" | "workingLocation"; descricaoGoogle?: string | undefined; observacaoInterna?: string | undefined; localizacao?: string...'.
tests/google-calendar/cache-eventos.test.ts(7,3): error TS2322: Type '{ googleEventId: string; status: "confirmed" | "tentative" | "cancelled"; titulo: string | null; descricao: string | null; localizacao: string | null; inicio: GoogleEventoDataDTO; ... 10 more ...; statusPropertiesJson?: string | ... 1 more ... | undefined; }' is not assignable to type 'GoogleEventoDTO'.
  Types of property 'eventType' are incompatible.
    Type 'GoogleEventType | undefined' is not assignable to type 'GoogleEventType'.
      Type 'undefined' is not assignable to type 'GoogleEventType'.
tests/google-calendar/cache-first-actions.test.ts(172,57): error TS2345: Argument of type '{ calendarId: string; googleEventId: string; etagConhecido: string; titulo: string; timezone: string; diaInteiro: false; inicio: Date; fim: Date; participantes: never[]; criarMeet: false; }' is not assignable to parameter of type '{ googleEventId: string; calendarId: string; titulo: string; timezone: string; diaInteiro: boolean; inicio: Date; fim: Date; participantes: string[]; criarMeet: boolean; eventType: "default" | ... 2 more ... | "workingLocation"; etagConhecido?: string | undefined; descricaoGoogle?: string | undefined; observacaoInte...'.
  Property 'eventType' is missing in type '{ calendarId: string; googleEventId: string; etagConhecido: string; titulo: string; timezone: string; diaInteiro: false; inicio: Date; fim: Date; participantes: never[]; criarMeet: false; }' but required in type '{ googleEventId: string; calendarId: string; titulo: string; timezone: string; diaInteiro: boolean; inicio: Date; fim: Date; participantes: string[]; criarMeet: boolean; eventType: "default" | ... 2 more ... | "workingLocation"; etagConhecido?: string | undefined; descricaoGoogle?: string | undefined; observacaoInte...'.
tests/google-calendar/layout-eventos.test.ts(10,3): error TS2322: Type '{ id: string; googleEventId: string; status: string; titulo: string | null; inicioEm: string | null; fimEm: string | null; diaInteiro: boolean; etag: string; linkMeet: string | null; ... 8 more ...; colegaId?: number | undefined; }' is not assignable to type 'EventoExibicao'.
  Types of property 'eventType' are incompatible.
    Type 'string | undefined' is not assignable to type 'string'.
      Type 'undefined' is not assignable to type 'string'.
tests/google-calendar/sync-queue.test.ts(101,45): error TS2345: Argument of type '(args: string | undefined) => void' is not assignable to parameter of type '(...args: [] | [string, string] | [string] | [string, string, string, string]) => Awaitable<void>'.
  Types of parameters 'args' and 'args' are incompatible.
    Type '[] | [string, string] | [string] | [string, string, string, string]' is not assignable to type '[args: string | undefined]'.
      Type '[]' is not assignable to type '[args: string | undefined]'.
        Source has 0 element(s) but target requires 1.
tests/google-calendar/sync-queue.test.ts(102,44): error TS2345: Argument of type 'string | undefined' is not assignable to parameter of type 'readonly string[]'.
  Type 'undefined' is not assignable to type 'readonly string[]'.
tests/google-calendar/sync.test.ts(26,3): error TS2322: Type '{ googleEventId: string; status: "confirmed" | "tentative" | "cancelled"; titulo: string | null; descricao: string | null; localizacao: string | null; inicio: GoogleEventoDataDTO; ... 10 more ...; statusPropertiesJson?: string | ... 1 more ... | undefined; }' is not assignable to type 'GoogleEventoDTO'.
  Types of property 'eventType' are incompatible.
    Type 'GoogleEventType | undefined' is not assignable to type 'GoogleEventType'.
      Type 'undefined' is not assignable to type 'GoogleEventType'.
